\BOOKMARK [1][-]{section.1}{\376\377\000I\000n\000t\000r\000o\000d\000u\000c\000t\000i\000o\000n}{}% 1
\BOOKMARK [1][-]{section.2}{\376\377\000B\000a\000c\000k\000g\000r\000o\000u\000n\000d\000\040\000a\000n\000d\000\040\000C\000h\000a\000l\000l\000e\000n\000g\000e\000s}{}% 2
\BOOKMARK [1][-]{section.3}{\376\377\000T\000h\000e\000\040\000S\000o\000f\000t\000\040\000Q\000-\000L\000e\000a\000r\000n\000i\000n\000g\000\040\000F\000r\000a\000m\000e\000w\000o\000r\000k}{}% 3
\BOOKMARK [2][-]{subsection.3.1}{\376\377\000S\000Q\000L\000\040\000F\000o\000r\000m\000u\000l\000a\000t\000i\000o\000n\000\040\000f\000o\000r\000\040\000T\000e\000x\000t\000\040\000G\000e\000n\000e\000r\000a\000t\000i\000o\000n}{section.3}% 4
\BOOKMARK [2][-]{subsection.3.2}{\376\377\000E\000f\000f\000i\000c\000i\000e\000n\000t\000\040\000T\000r\000a\000i\000n\000i\000n\000g\000\040\000w\000i\000t\000h\000\040\000P\000a\000t\000h\000\040\000C\000o\000n\000s\000i\000s\000t\000e\000n\000c\000y}{section.3}% 5
\BOOKMARK [1][-]{section.4}{\376\377\000A\000p\000p\000l\000i\000c\000a\000t\000i\000o\000n\000s\000\040\000a\000n\000d\000\040\000E\000x\000p\000e\000r\000i\000m\000e\000n\000t\000s}{}% 6
\BOOKMARK [2][-]{subsection.4.1}{\376\377\000L\000e\000a\000r\000n\000i\000n\000g\000\040\000f\000r\000o\000m\000\040\000N\000o\000i\000s\000y\000\040\000\050\000N\000e\000g\000a\000t\000i\000v\000e\000\051\000\040\000T\000e\000x\000t}{section.4}% 7
\BOOKMARK [2][-]{subsection.4.2}{\376\377\000U\000n\000i\000v\000e\000r\000s\000a\000l\000\040\000A\000d\000v\000e\000r\000s\000a\000r\000i\000a\000l\000\040\000A\000t\000t\000a\000c\000k\000s}{section.4}% 8
\BOOKMARK [2][-]{subsection.4.3}{\376\377\000P\000r\000o\000m\000p\000t\000\040\000G\000e\000n\000e\000r\000a\000t\000i\000o\000n\000\040\000f\000o\000r\000\040\000C\000o\000n\000t\000r\000o\000l\000l\000i\000n\000g\000\040\000P\000r\000e\000t\000r\000a\000i\000n\000e\000d\000\040\000L\000a\000n\000g\000u\000a\000g\000e\000\040\000M\000o\000d\000e\000l\000s}{section.4}% 9
\BOOKMARK [1][-]{section.5}{\376\377\000R\000e\000l\000a\000t\000e\000d\000\040\000W\000o\000r\000k}{}% 10
\BOOKMARK [1][-]{section.6}{\376\377\000C\000o\000n\000c\000l\000u\000s\000i\000o\000n}{}% 11
\BOOKMARK [1][-]{appendix.A}{\376\377\000A\000p\000p\000e\000n\000d\000i\000x}{}% 12
\BOOKMARK [2][-]{subsection.A.1}{\376\377\000A\000p\000p\000l\000i\000c\000a\000t\000i\000o\000n\000s\000\040\000a\000n\000d\000\040\000E\000x\000p\000e\000r\000i\000m\000e\000n\000t\000s}{appendix.A}% 13
\BOOKMARK [3][-]{subsubsection.A.1.1}{\376\377\000L\000e\000a\000r\000n\000i\000n\000g\000\040\000f\000r\000o\000m\000\040\000N\000o\000i\000s\000y\000\040\000\050\000N\000e\000g\000a\000t\000i\000v\000e\000\051\000\040\000T\000e\000x\000t}{subsection.A.1}% 14
\BOOKMARK [3][-]{subsubsection.A.1.2}{\376\377\000U\000n\000i\000v\000e\000r\000s\000a\000l\000\040\000A\000d\000v\000e\000r\000s\000a\000r\000i\000a\000l\000\040\000A\000t\000t\000a\000c\000k\000s}{subsection.A.1}% 15
\BOOKMARK [3][-]{subsubsection.A.1.3}{\376\377\000P\000r\000o\000m\000p\000t\000\040\000G\000e\000n\000e\000r\000a\000t\000i\000o\000n\000\040\000f\000o\000r\000\040\000C\000o\000n\000t\000r\000o\000l\000l\000i\000n\000g\000\040\000P\000r\000e\000t\000r\000a\000i\000n\000e\000d\000\040\000L\000a\000n\000g\000u\000a\000g\000e\000\040\000M\000o\000d\000e\000l\000s}{subsection.A.1}% 16
\BOOKMARK [3][-]{subsubsection.A.1.4}{\376\377\000S\000u\000p\000e\000r\000v\000i\000s\000e\000d\000\040\000T\000e\000x\000t\000\040\000G\000e\000n\000e\000r\000a\000t\000i\000o\000n\000\040\000T\000a\000s\000k\000s}{subsection.A.1}% 17
\BOOKMARK [2][-]{subsection.A.2}{\376\377\000S\000e\000t\000u\000p\000\040\000D\000e\000t\000a\000i\000l\000s}{appendix.A}% 18
\BOOKMARK [3][-]{subsubsection.A.2.1}{\376\377\000S\000e\000t\000u\000p\000\040\000D\000e\000t\000a\000i\000l\000s\000:\000\040\000\247\000?\000?}{subsection.A.2}% 19
\BOOKMARK [3][-]{subsubsection.A.2.2}{\376\377\000S\000e\000t\000u\000p\000\040\000D\000e\000t\000a\000i\000l\000s\000:\000\040\000\247\000?\000?}{subsection.A.2}% 20
\BOOKMARK [3][-]{subsubsection.A.2.3}{\376\377\000S\000e\000t\000u\000p\000\040\000D\000e\000t\000a\000i\000l\000s\000:\000\040\000\247\000?\000?}{subsection.A.2}% 21
\BOOKMARK [2][-]{subsection.A.3}{\376\377\000T\000h\000e\000\040\000S\000o\000f\000t\000\040\000Q\000-\000L\000e\000a\000r\000n\000i\000n\000g\000\040\000F\000r\000a\000m\000e\000w\000o\000r\000k}{appendix.A}% 22
\BOOKMARK [3][-]{subsubsection.A.3.1}{\376\377\000C\000o\000m\000p\000a\000r\000i\000s\000o\000n\000\040\000w\000i\000t\000h\000\040\000M\000L\000E\000\040\000O\000b\000j\000e\000c\000t\000i\000v\000e}{subsection.A.3}% 23
\BOOKMARK [3][-]{subsubsection.A.3.2}{\376\377\000V\000a\000n\000i\000l\000l\000a\000\040\000T\000r\000a\000i\000n\000i\000n\000g\000\040\000w\000i\000t\000h\000\040\000T\000e\000m\000p\000o\000r\000a\000l\000\040\000C\000o\000n\000s\000i\000s\000t\000e\000n\000c\000y}{subsection.A.3}% 24
